[INFO] Scanning for projects...
[WARNING] 
[WARNING] Some problems were encountered while building the effective model for com.billme:billme-backend:jar:0.0.1-SNAPSHOT
[WARNING] 'dependencies.dependency.(groupId:artifactId:type:classifier)' must be unique: org.springframework.boot:spring-boot-starter-mail:jar -> duplicate declaration of version (?) @ line 97, column 15
[WARNING] 
[WARNING] It is highly recommended to fix these problems because they threaten the stability of your build.
[WARNING] 
[WARNING] For this reason, future Maven versions might no longer support building such malformed projects.
[WARNING] 
[INFO] 
[INFO] ---------------------< com.billme:billme-backend >----------------------
[INFO] Building billme-backend 0.0.1-SNAPSHOT
[INFO]   from pom.xml
[INFO] --------------------------------[ jar ]---------------------------------
[INFO] 
[INFO] --- resources:3.3.1:resources (default-resources) @ billme-backend ---
[INFO] Copying 3 resources from src\main\resources to target\classes
[INFO] Copying 2 resources from src\main\resources to target\classes
[INFO] 
[INFO] --- compiler:3.14.1:compile (default-compile) @ billme-backend ---
[INFO] Recompiling the module because of changed source code.
[INFO] Compiling 124 source files with javac [debug parameters release 17] to target\classes
[WARNING] /C:/Users/hp/Desktop/billme-backend/billme-backend/src/main/java/com/billme/wallet/Wallet.java:[30,24] @Builder will ignore the initializing expression entirely. If you want the initializing expression to serve as default, add @Builder.Default. If it is not supposed to be settable during building, make the field final.
[WARNING] /C:/Users/hp/Desktop/billme-backend/billme-backend/src/main/java/com/billme/wallet/Wallet.java:[33,24] @Builder will ignore the initializing expression entirely. If you want the initializing expression to serve as default, add @Builder.Default. If it is not supposed to be settable during building, make the field final.
[WARNING] /C:/Users/hp/Desktop/billme-backend/billme-backend/src/main/java/com/billme/merchant/MerchantProfile.java:[37,21] @Builder will ignore the initializing expression entirely. If you want the initializing expression to serve as default, add @Builder.Default. If it is not supposed to be settable during building, make the field final.
[WARNING] /C:/Users/hp/Desktop/billme-backend/billme-backend/src/main/java/com/billme/merchant/MerchantProfile.java:[52,21] @Builder will ignore the initializing expression entirely. If you want the initializing expression to serve as default, add @Builder.Default. If it is not supposed to be settable during building, make the field final.
[WARNING] /C:/Users/hp/Desktop/billme-backend/billme-backend/src/main/java/com/billme/user/User.java:[36,21] @Builder will ignore the initializing expression entirely. If you want the initializing expression to serve as default, add @Builder.Default. If it is not supposed to be settable during building, make the field final.
[WARNING] /C:/Users/hp/Desktop/billme-backend/billme-backend/src/main/java/com/billme/user/User.java:[46,17] @Builder will ignore the initializing expression entirely. If you want the initializing expression to serve as default, add @Builder.Default. If it is not supposed to be settable during building, make the field final.
[WARNING] /C:/Users/hp/Desktop/billme-backend/billme-backend/src/main/java/com/billme/invoice/Invoice.java:[70,31] @Builder will ignore the initializing expression entirely. If you want the initializing expression to serve as default, add @Builder.Default. If it is not supposed to be settable during building, make the field final.
[WARNING] /C:/Users/hp/Desktop/billme-backend/billme-backend/src/main/java/com/billme/invoice/Invoice.java:[130,21] @Builder will ignore the initializing expression entirely. If you want the initializing expression to serve as default, add @Builder.Default. If it is not supposed to be settable during building, make the field final.
[INFO] /C:/Users/hp/Desktop/billme-backend/billme-backend/src/main/java/com/billme/security/SecurityConfig.java: C:\Users\hp\Desktop\billme-backend\billme-backend\src\main\java\com\billme\security\SecurityConfig.java uses or overrides a deprecated API.
[INFO] /C:/Users/hp/Desktop/billme-backend/billme-backend/src/main/java/com/billme/security/SecurityConfig.java: Recompile with -Xlint:deprecation for details.
[INFO] ------------------------------------------------------------------------
[INFO] BUILD SUCCESS
[INFO] ------------------------------------------------------------------------
[INFO] Total time:  6.713 s
[INFO] Finished at: 2026-03-14T13:14:53+05:30
[INFO] ------------------------------------------------------------------------
