[INFO] Scanning for projects...
[WARNING] 
[WARNING] Some problems were encountered while building the effective model for com.billme:billme-backend:jar:0.0.1-SNAPSHOT
[WARNING] 'dependencies.dependency.(groupId:artifactId:type:classifier)' must be unique: org.springframework.boot:spring-boot-starter-mail:jar -> duplicate declaration of version (?) @ line 97, column 15
[WARNING] 
[WARNING] It is highly recommended to fix these problems because they threaten the stability of your build.
[WARNING] 
[WARNING] For this reason, future Maven versions might no longer support building such malformed projects.
[WARNING] 
[INFO] 
[INFO] ---------------------< com.billme:billme-backend >----------------------
[INFO] Building billme-backend 0.0.1-SNAPSHOT
[INFO]   from pom.xml
[INFO] --------------------------------[ jar ]---------------------------------
[INFO] 
[INFO] --- resources:3.3.1:resources (default-resources) @ billme-backend ---
[INFO] Copying 3 resources from src\main\resources to target\classes
[INFO] Copying 2 resources from src\main\resources to target\classes
[INFO] 
[INFO] --- compiler:3.14.1:compile (default-compile) @ billme-backend ---
[INFO] Recompiling the module because of changed source code.
[INFO] Compiling 120 source files with javac [debug parameters release 17] to target\classes
[INFO] /C:/Users/hp/Desktop/billme-backend/billme-backend/src/main/java/com/billme/security/SecurityConfig.java: C:\Users\hp\Desktop\billme-backend\billme-backend\src\main\java\com\billme\security\SecurityConfig.java uses or overrides a deprecated API.
[INFO] /C:/Users/hp/Desktop/billme-backend/billme-backend/src/main/java/com/billme/security/SecurityConfig.java: Recompile with -Xlint:deprecation for details.
[INFO] -------------------------------------------------------------
[ERROR] COMPILATION ERROR : 
[INFO] -------------------------------------------------------------
[ERROR] /C:/Users/hp/Desktop/billme-backend/billme-backend/src/main/java/com/billme/exception/admin/AdminController.java:[12,8] duplicate class: com.billme.admin.AdminController
[ERROR] /C:/Users/hp/Desktop/billme-backend/billme-backend/src/main/java/com/billme/exception/admin/AdminService.java:[15,8] duplicate class: com.billme.admin.AdminService
[ERROR] /C:/Users/hp/Desktop/billme-backend/billme-backend/src/main/java/com/billme/exception/admin/dto/AdminFinancialSummaryResponse.java:[10,8] duplicate class: com.billme.admin.dto.AdminFinancialSummaryResponse
[ERROR] /C:/Users/hp/Desktop/billme-backend/billme-backend/src/main/java/com/billme/exception/auth/AuthController.java:[13,8] duplicate class: com.billme.auth.AuthController
[ERROR] /C:/Users/hp/Desktop/billme-backend/billme-backend/src/main/java/com/billme/exception/auth/AuthResponse.java:[8,8] duplicate class: com.billme.auth.AuthResponse
[ERROR] /C:/Users/hp/Desktop/billme-backend/billme-backend/src/main/java/com/billme/exception/auth/AuthService.java:[28,8] duplicate class: com.billme.auth.AuthService
[ERROR] /C:/Users/hp/Desktop/billme-backend/billme-backend/src/main/java/com/billme/exception/auth/CustomerRegisterRequest.java:[6,8] duplicate class: com.billme.auth.CustomerRegisterRequest
[ERROR] /C:/Users/hp/Desktop/billme-backend/billme-backend/src/main/java/com/billme/exception/auth/LoginRequest.java:[6,8] duplicate class: com.billme.auth.LoginRequest
[ERROR] /C:/Users/hp/Desktop/billme-backend/billme-backend/src/main/java/com/billme/exception/auth/MerchantRegisterRequest.java:[6,8] duplicate class: com.billme.auth.MerchantRegisterRequest
[ERROR] /C:/Users/hp/Desktop/billme-backend/billme-backend/src/main/java/com/billme/exception/auth/RefreshRequest.java:[6,8] duplicate class: com.billme.auth.RefreshRequest
[ERROR] /C:/Users/hp/Desktop/billme-backend/billme-backend/src/main/java/com/billme/exception/auth/RegisterRequest.java:[6,8] duplicate class: com.billme.auth.RegisterRequest
[ERROR] /C:/Users/hp/Desktop/billme-backend/billme-backend/src/main/java/com/billme/exception/auth/token/RefreshToken.java:[15,8] duplicate class: com.billme.auth.token.RefreshToken
[ERROR] /C:/Users/hp/Desktop/billme-backend/billme-backend/src/main/java/com/billme/exception/auth/token/RefreshTokenService.java:[13,8] duplicate class: com.billme.auth.token.RefreshTokenService
[ERROR] /C:/Users/hp/Desktop/billme-backend/billme-backend/src/main/java/com/billme/exception/config/AdminBootstrap.java:[13,8] duplicate class: com.billme.config.AdminBootstrap
[ERROR] /C:/Users/hp/Desktop/billme-backend/billme-backend/src/main/java/com/billme/exception/customer/CustomerController.java:[12,8] duplicate class: com.billme.customer.CustomerController
[ERROR] /C:/Users/hp/Desktop/billme-backend/billme-backend/src/main/java/com/billme/exception/customer/CustomerProfile.java:[16,8] duplicate class: com.billme.customer.CustomerProfile
[ERROR] /C:/Users/hp/Desktop/billme-backend/billme-backend/src/main/java/com/billme/exception/customer/CustomerService.java:[10,8] duplicate class: com.billme.customer.CustomerService
[ERROR] /C:/Users/hp/Desktop/billme-backend/billme-backend/src/main/java/com/billme/exception/customer/dto/CustomerLookupResponse.java:[8,8] duplicate class: com.billme.customer.dto.CustomerLookupResponse
[ERROR] /C:/Users/hp/Desktop/billme-backend/billme-backend/src/main/java/com/billme/exception/email/EmailController.java:[9,8] duplicate class: com.billme.email.EmailController
[ERROR] /C:/Users/hp/Desktop/billme-backend/billme-backend/src/main/java/com/billme/exception/email/EmailService.java:[3,8] duplicate class: com.billme.email.EmailService
[ERROR] /C:/Users/hp/Desktop/billme-backend/billme-backend/src/main/java/com/billme/exception/email/InvoiceEmailService.java:[16,8] duplicate class: com.billme.email.InvoiceEmailService
[ERROR] /C:/Users/hp/Desktop/billme-backend/billme-backend/src/main/java/com/billme/exception/email/PaymentSuccessEmailService.java:[13,8] duplicate class: com.billme.email.PaymentSuccessEmailService
[ERROR] /C:/Users/hp/Desktop/billme-backend/billme-backend/src/main/java/com/billme/exception/email/SmtpEmailService.java:[10,8] duplicate class: com.billme.email.SmtpEmailService
[ERROR] /C:/Users/hp/Desktop/billme-backend/billme-backend/src/main/java/com/billme/admin/AdminService.java:[38,16] constructor AdminFinancialSummaryResponse in class com.billme.admin.dto.AdminFinancialSummaryResponse cannot be applied to given types;
  required: no arguments
  found:    java.math.BigDecimal,java.math.BigDecimal,java.math.BigDecimal,java.math.BigDecimal,java.math.BigDecimal
  reason: actual and formal argument lists differ in length
[ERROR] /C:/Users/hp/Desktop/billme-backend/billme-backend/src/main/java/com/billme/auth/AuthController.java:[49,65] cannot find symbol
  symbol:   method getRefreshToken()
  location: variable request of type com.billme.auth.RefreshRequest
[ERROR] /C:/Users/hp/Desktop/billme-backend/billme-backend/src/main/java/com/billme/auth/AuthController.java:[53,37] cannot find symbol
  symbol:   method getUser()
  location: variable refreshToken of type com.billme.auth.token.RefreshToken
[ERROR] /C:/Users/hp/Desktop/billme-backend/billme-backend/src/main/java/com/billme/auth/AuthController.java:[54,37] cannot find symbol
  symbol:   method getUser()
  location: variable refreshToken of type com.billme.auth.token.RefreshToken
[ERROR] /C:/Users/hp/Desktop/billme-backend/billme-backend/src/main/java/com/billme/auth/AuthController.java:[58,57] cannot find symbol
  symbol:   method getRefreshToken()
  location: variable request of type com.billme.auth.RefreshRequest
[ERROR] /C:/Users/hp/Desktop/billme-backend/billme-backend/src/main/java/com/billme/auth/AuthController.java:[68,48] cannot find symbol
  symbol:   method getRefreshToken()
  location: variable request of type com.billme.auth.RefreshRequest
[ERROR] /C:/Users/hp/Desktop/billme-backend/billme-backend/src/main/java/com/billme/auth/AuthService.java:[43,47] cannot find symbol
  symbol:   method getEmail()
  location: variable request of type com.billme.auth.CustomerRegisterRequest
[ERROR] /C:/Users/hp/Desktop/billme-backend/billme-backend/src/main/java/com/billme/auth/AuthService.java:[50,20] cannot find symbol
  symbol:   method getFaceEmbeddings()
  location: variable request of type com.billme.auth.CustomerRegisterRequest
[ERROR] /C:/Users/hp/Desktop/billme-backend/billme-backend/src/main/java/com/billme/auth/AuthService.java:[50,59] cannot find symbol
  symbol:   method getFaceEmbeddings()
  location: variable request of type com.billme.auth.CustomerRegisterRequest
[ERROR] /C:/Users/hp/Desktop/billme-backend/billme-backend/src/main/java/com/billme/auth/AuthService.java:[57,25] cannot find symbol
  symbol:   method builder()
  location: class com.billme.user.User
[ERROR] /C:/Users/hp/Desktop/billme-backend/billme-backend/src/main/java/com/billme/auth/AuthService.java:[58,31] cannot find symbol
  symbol:   method getEmail()
  location: variable request of type com.billme.auth.CustomerRegisterRequest
[ERROR] /C:/Users/hp/Desktop/billme-backend/billme-backend/src/main/java/com/billme/auth/AuthService.java:[59,57] cannot find symbol
  symbol:   method getPassword()
  location: variable request of type com.billme.auth.CustomerRegisterRequest
[ERROR] /C:/Users/hp/Desktop/billme-backend/billme-backend/src/main/java/com/billme/auth/AuthService.java:[66,50] cannot find symbol
  symbol:   method builder()
  location: class com.billme.customer.CustomerProfile
[ERROR] /C:/Users/hp/Desktop/billme-backend/billme-backend/src/main/java/com/billme/auth/AuthService.java:[68,30] cannot find symbol
  symbol:   method getName()
  location: variable request of type com.billme.auth.CustomerRegisterRequest
[ERROR] /C:/Users/hp/Desktop/billme-backend/billme-backend/src/main/java/com/billme/auth/AuthService.java:[69,40] cannot find symbol
  symbol:   method getFaceEmbeddings()
  location: variable request of type com.billme.auth.CustomerRegisterRequest
[ERROR] /C:/Users/hp/Desktop/billme-backend/billme-backend/src/main/java/com/billme/auth/AuthService.java:[74,31] cannot find symbol
  symbol:   method builder()
  location: class com.billme.wallet.Wallet
[ERROR] /C:/Users/hp/Desktop/billme-backend/billme-backend/src/main/java/com/billme/auth/AuthService.java:[82,21] cannot find symbol
  symbol:   method getEmail()
  location: variable user of type com.billme.user.User
[ERROR] /C:/Users/hp/Desktop/billme-backend/billme-backend/src/main/java/com/billme/auth/AuthService.java:[83,21] cannot find symbol
  symbol:   method getRole()
  location: variable user of type com.billme.user.User
[ERROR] /C:/Users/hp/Desktop/billme-backend/billme-backend/src/main/java/com/billme/auth/AuthService.java:[88,58] cannot find symbol
  symbol:   method getToken()
  location: variable refreshToken of type com.billme.auth.token.RefreshToken
[ERROR] /C:/Users/hp/Desktop/billme-backend/billme-backend/src/main/java/com/billme/auth/AuthService.java:[96,47] cannot find symbol
  symbol:   method getEmail()
  location: variable request of type com.billme.auth.MerchantRegisterRequest
[ERROR] /C:/Users/hp/Desktop/billme-backend/billme-backend/src/main/java/com/billme/auth/AuthService.java:[103,25] cannot find symbol
  symbol:   method builder()
  location: class com.billme.user.User
[ERROR] /C:/Users/hp/Desktop/billme-backend/billme-backend/src/main/java/com/billme/auth/AuthService.java:[104,31] cannot find symbol
  symbol:   method getEmail()
  location: variable request of type com.billme.auth.MerchantRegisterRequest
[ERROR] /C:/Users/hp/Desktop/billme-backend/billme-backend/src/main/java/com/billme/auth/AuthService.java:[105,57] cannot find symbol
  symbol:   method getPassword()
  location: variable request of type com.billme.auth.MerchantRegisterRequest
[ERROR] /C:/Users/hp/Desktop/billme-backend/billme-backend/src/main/java/com/billme/auth/AuthService.java:[113,52] cannot find symbol
  symbol:   method builder()
  location: class com.billme.merchant.MerchantProfile
[ERROR] /C:/Users/hp/Desktop/billme-backend/billme-backend/src/main/java/com/billme/auth/AuthService.java:[115,46] cannot find symbol
  symbol:   method getBusinessName()
  location: variable request of type com.billme.auth.MerchantRegisterRequest
[ERROR] /C:/Users/hp/Desktop/billme-backend/billme-backend/src/main/java/com/billme/auth/AuthService.java:[116,43] cannot find symbol
  symbol:   method getOwnerName()
  location: variable request of type com.billme.auth.MerchantRegisterRequest
[ERROR] /C:/Users/hp/Desktop/billme-backend/billme-backend/src/main/java/com/billme/auth/AuthService.java:[117,39] cannot find symbol
  symbol:   method getPhone()
  location: variable request of type com.billme.auth.MerchantRegisterRequest
[ERROR] /C:/Users/hp/Desktop/billme-backend/billme-backend/src/main/java/com/billme/auth/AuthService.java:[118,41] cannot find symbol
  symbol:   method getAddress()
  location: variable request of type com.billme.auth.MerchantRegisterRequest
[ERROR] /C:/Users/hp/Desktop/billme-backend/billme-backend/src/main/java/com/billme/auth/AuthService.java:[119,39] cannot find symbol
  symbol:   method getUpiId()
  location: variable request of type com.billme.auth.MerchantRegisterRequest
[ERROR] /C:/Users/hp/Desktop/billme-backend/billme-backend/src/main/java/com/billme/auth/AuthService.java:[125,23] cannot find symbol
  symbol:   method builder()
  location: class com.billme.wallet.Wallet
[ERROR] /C:/Users/hp/Desktop/billme-backend/billme-backend/src/main/java/com/billme/auth/AuthService.java:[132,21] cannot find symbol
  symbol:   method getEmail()
  location: variable user of type com.billme.user.User
[ERROR] /C:/Users/hp/Desktop/billme-backend/billme-backend/src/main/java/com/billme/auth/AuthService.java:[133,21] cannot find symbol
  symbol:   method getRole()
  location: variable user of type com.billme.user.User
[ERROR] /C:/Users/hp/Desktop/billme-backend/billme-backend/src/main/java/com/billme/auth/AuthService.java:[138,58] cannot find symbol
  symbol:   method getToken()
  location: variable refreshToken of type com.billme.auth.token.RefreshToken
[ERROR] /C:/Users/hp/Desktop/billme-backend/billme-backend/src/main/java/com/billme/auth/AuthService.java:[147,55] cannot find symbol
  symbol:   method getEmail()
  location: variable request of type com.billme.auth.LoginRequest
[ERROR] /C:/Users/hp/Desktop/billme-backend/billme-backend/src/main/java/com/billme/auth/AuthService.java:[154,17] cannot find symbol
  symbol:   method getRole()
  location: variable user of type com.billme.user.User
[ERROR] /C:/Users/hp/Desktop/billme-backend/billme-backend/src/main/java/com/billme/auth/AuthService.java:[157,21] cannot find symbol
  symbol:   method getLockUntil()
  location: variable user of type com.billme.user.User
[ERROR] /C:/Users/hp/Desktop/billme-backend/billme-backend/src/main/java/com/billme/auth/AuthService.java:[158,25] cannot find symbol
  symbol:   method getLockUntil()
  location: variable user of type com.billme.user.User
[ERROR] /C:/Users/hp/Desktop/billme-backend/billme-backend/src/main/java/com/billme/auth/AuthService.java:[170,36] cannot find symbol
  symbol:   method getEmail()
  location: variable request of type com.billme.auth.LoginRequest
[ERROR] /C:/Users/hp/Desktop/billme-backend/billme-backend/src/main/java/com/billme/auth/AuthService.java:[171,36] cannot find symbol
  symbol:   method getPassword()
  location: variable request of type com.billme.auth.LoginRequest
[ERROR] /C:/Users/hp/Desktop/billme-backend/billme-backend/src/main/java/com/billme/auth/AuthService.java:[176,17] cannot find symbol
  symbol:   method setFailedAttempts(int)
  location: variable user of type com.billme.user.User
[ERROR] /C:/Users/hp/Desktop/billme-backend/billme-backend/src/main/java/com/billme/auth/AuthService.java:[177,17] cannot find symbol
  symbol:   method setLockUntil(<nulltype>)
  location: variable user of type com.billme.user.User
[ERROR] /C:/Users/hp/Desktop/billme-backend/billme-backend/src/main/java/com/billme/auth/AuthService.java:[182,21] cannot find symbol
  symbol:   method getRole()
  location: variable user of type com.billme.user.User
[ERROR] /C:/Users/hp/Desktop/billme-backend/billme-backend/src/main/java/com/billme/auth/AuthService.java:[184,36] cannot find symbol
  symbol:   method getFailedAttempts()
  location: variable user of type com.billme.user.User
[ERROR] /C:/Users/hp/Desktop/billme-backend/billme-backend/src/main/java/com/billme/auth/AuthService.java:[185,21] cannot find symbol
  symbol:   method setFailedAttempts(int)
  location: variable user of type com.billme.user.User
[ERROR] /C:/Users/hp/Desktop/billme-backend/billme-backend/src/main/java/com/billme/auth/AuthService.java:[188,25] cannot find symbol
  symbol:   method setLockUntil(java.time.LocalDateTime)
  location: variable user of type com.billme.user.User
[ERROR] /C:/Users/hp/Desktop/billme-backend/billme-backend/src/main/java/com/billme/auth/AuthService.java:[201,21] cannot find symbol
  symbol:   method getEmail()
  location: variable user of type com.billme.user.User
[ERROR] /C:/Users/hp/Desktop/billme-backend/billme-backend/src/main/java/com/billme/auth/AuthService.java:[202,21] cannot find symbol
  symbol:   method getRole()
  location: variable user of type com.billme.user.User
[ERROR] /C:/Users/hp/Desktop/billme-backend/billme-backend/src/main/java/com/billme/auth/AuthService.java:[208,58] cannot find symbol
  symbol:   method getToken()
  location: variable refreshToken of type com.billme.auth.token.RefreshToken
[ERROR] /C:/Users/hp/Desktop/billme-backend/billme-backend/src/main/java/com/billme/auth/token/RefreshTokenService.java:[19,49] cannot find symbol
  symbol:   method builder()
  location: class com.billme.auth.token.RefreshToken
[ERROR] /C:/Users/hp/Desktop/billme-backend/billme-backend/src/main/java/com/billme/auth/token/RefreshTokenService.java:[34,25] cannot find symbol
  symbol:   method isRevoked()
  location: variable refreshToken of type com.billme.auth.token.RefreshToken
[ERROR] /C:/Users/hp/Desktop/billme-backend/billme-backend/src/main/java/com/billme/auth/token/RefreshTokenService.java:[38,25] cannot find symbol
  symbol:   method getExpiryDate()
  location: variable refreshToken of type com.billme.auth.token.RefreshToken
[ERROR] /C:/Users/hp/Desktop/billme-backend/billme-backend/src/main/java/com/billme/auth/token/RefreshTokenService.java:[49,21] cannot find symbol
  symbol:   method setRevoked(boolean)
  location: variable refreshToken of type com.billme.auth.token.RefreshToken
[ERROR] /C:/Users/hp/Desktop/billme-backend/billme-backend/src/main/java/com/billme/config/AdminBootstrap.java:[41,26] cannot find symbol
  symbol:   method builder()
  location: class com.billme.user.User
[ERROR] /C:/Users/hp/Desktop/billme-backend/billme-backend/src/main/java/com/billme/customer/CustomerController.java:[35,38] cannot find symbol
  symbol:   method builder()
  location: class com.billme.customer.dto.CustomerLookupResponse
[ERROR] /C:/Users/hp/Desktop/billme-backend/billme-backend/src/main/java/com/billme/customer/CustomerController.java:[36,28] cannot find symbol
  symbol:   method getId()
  location: variable profile of type com.billme.customer.CustomerProfile
[ERROR] /C:/Users/hp/Desktop/billme-backend/billme-backend/src/main/java/com/billme/customer/CustomerController.java:[37,30] cannot find symbol
  symbol:   method getName()
  location: variable profile of type com.billme.customer.CustomerProfile
[ERROR] /C:/Users/hp/Desktop/billme-backend/billme-backend/src/main/java/com/billme/customer/CustomerController.java:[38,31] cannot find symbol
  symbol:   method getUser()
  location: variable profile of type com.billme.customer.CustomerProfile
[ERROR] /C:/Users/hp/Desktop/billme-backend/billme-backend/src/main/java/com/billme/customer/CustomerService.java:[20,38] cannot find symbol
  symbol:   method builder()
  location: class com.billme.customer.dto.CustomerLookupResponse
[ERROR] /C:/Users/hp/Desktop/billme-backend/billme-backend/src/main/java/com/billme/customer/CustomerService.java:[21,28] cannot find symbol
  symbol:   method getId()
  location: variable profile of type com.billme.customer.CustomerProfile
[ERROR] /C:/Users/hp/Desktop/billme-backend/billme-backend/src/main/java/com/billme/customer/CustomerService.java:[22,30] cannot find symbol
  symbol:   method getName()
  location: variable profile of type com.billme.customer.CustomerProfile
[ERROR] /C:/Users/hp/Desktop/billme-backend/billme-backend/src/main/java/com/billme/customer/CustomerService.java:[23,31] cannot find symbol
  symbol:   method getUser()
  location: variable profile of type com.billme.customer.CustomerProfile
[ERROR] /C:/Users/hp/Desktop/billme-backend/billme-backend/src/main/java/com/billme/email/InvoiceEmailService.java:[40,33] cannot find symbol
  symbol:   method getCustomer()
  location: variable invoice of type com.billme.invoice.Invoice
[ERROR] /C:/Users/hp/Desktop/billme-backend/billme-backend/src/main/java/com/billme/email/InvoiceEmailService.java:[42,51] cannot find symbol
  symbol:   method getInvoiceNumber()
  location: variable invoice of type com.billme.invoice.Invoice
[ERROR] /C:/Users/hp/Desktop/billme-backend/billme-backend/src/main/java/com/billme/email/InvoiceEmailService.java:[47,30] cannot find symbol
  symbol:   method getInvoiceNumber()
  location: variable invoice of type com.billme.invoice.Invoice
[ERROR] /C:/Users/hp/Desktop/billme-backend/billme-backend/src/main/java/com/billme/email/InvoiceEmailService.java:[67,28] cannot find symbol
  symbol:   method getMerchant()
  location: variable invoice of type com.billme.invoice.Invoice
[ERROR] /C:/Users/hp/Desktop/billme-backend/billme-backend/src/main/java/com/billme/email/InvoiceEmailService.java:[68,28] cannot find symbol
  symbol:   method getTotalPayable()
  location: variable invoice of type com.billme.invoice.Invoice
[ERROR] /C:/Users/hp/Desktop/billme-backend/billme-backend/src/main/java/com/billme/email/InvoiceEmailService.java:[73,41] cannot find symbol
  symbol:   method getInvoiceNumber()
  location: variable invoice of type com.billme.invoice.Invoice
[ERROR] /C:/Users/hp/Desktop/billme-backend/billme-backend/src/main/java/com/billme/invoice/InvoiceTemplateService.java:[25,53] cannot find symbol
  symbol:   method getInvoiceNumber()
  location: variable invoice of type com.billme.invoice.Invoice
[ERROR] /C:/Users/hp/Desktop/billme-backend/billme-backend/src/main/java/com/billme/invoice/InvoiceTemplateService.java:[29,24] cannot find symbol
  symbol:   method getIssuedAt()
  location: variable invoice of type com.billme.invoice.Invoice
[ERROR] /C:/Users/hp/Desktop/billme-backend/billme-backend/src/main/java/com/billme/invoice/InvoiceTemplateService.java:[30,34] cannot find symbol
  symbol:   method getIssuedAt()
  location: variable invoice of type com.billme.invoice.Invoice
[ERROR] /C:/Users/hp/Desktop/billme-backend/billme-backend/src/main/java/com/billme/invoice/InvoiceTemplateService.java:[36,24] cannot find symbol
  symbol:   method getStatus()
  location: variable invoice of type com.billme.invoice.Invoice
[ERROR] /C:/Users/hp/Desktop/billme-backend/billme-backend/src/main/java/com/billme/invoice/InvoiceTemplateService.java:[37,34] cannot find symbol
  symbol:   method getStatus()
  location: variable invoice of type com.billme.invoice.Invoice
[ERROR] /C:/Users/hp/Desktop/billme-backend/billme-backend/src/main/java/com/billme/invoice/InvoiceTemplateService.java:[43,24] cannot find symbol
  symbol:   method getMerchant()
  location: variable invoice of type com.billme.invoice.Invoice
[ERROR] /C:/Users/hp/Desktop/billme-backend/billme-backend/src/main/java/com/billme/invoice/InvoiceTemplateService.java:[48,24] cannot find symbol
  symbol:   method getMerchant()
  location: variable invoice of type com.billme.invoice.Invoice
[ERROR] /C:/Users/hp/Desktop/billme-backend/billme-backend/src/main/java/com/billme/invoice/InvoiceTemplateService.java:[49,34] cannot find symbol
  symbol:   method getMerchant()
  location: variable invoice of type com.billme.invoice.Invoice
[ERROR] /C:/Users/hp/Desktop/billme-backend/billme-backend/src/main/java/com/billme/invoice/InvoiceTemplateService.java:[55,24] cannot find symbol
  symbol:   method getMerchant()
  location: variable invoice of type com.billme.invoice.Invoice
[ERROR] /C:/Users/hp/Desktop/billme-backend/billme-backend/src/main/java/com/billme/invoice/InvoiceTemplateService.java:[60,24] cannot find symbol
  symbol:   method getCustomer()
  location: variable invoice of type com.billme.invoice.Invoice
[INFO] 100 errors 
[INFO] -------------------------------------------------------------
[INFO] ------------------------------------------------------------------------
[INFO] BUILD FAILURE
[INFO] ------------------------------------------------------------------------
[INFO] Total time:  6.505 s
[INFO] Finished at: 2026-03-07T15:48:24+05:30
[INFO] ------------------------------------------------------------------------
[ERROR] Failed to execute goal org.apache.maven.plugins:maven-compiler-plugin:3.14.1:compile (default-compile) on project billme-backend: Compilation failure: Compilation failure: 
[ERROR] /C:/Users/hp/Desktop/billme-backend/billme-backend/src/main/java/com/billme/exception/admin/AdminController.java:[12,8] duplicate class: com.billme.admin.AdminController
[ERROR] /C:/Users/hp/Desktop/billme-backend/billme-backend/src/main/java/com/billme/exception/admin/AdminService.java:[15,8] duplicate class: com.billme.admin.AdminService
[ERROR] /C:/Users/hp/Desktop/billme-backend/billme-backend/src/main/java/com/billme/exception/admin/dto/AdminFinancialSummaryResponse.java:[10,8] duplicate class: com.billme.admin.dto.AdminFinancialSummaryResponse
[ERROR] /C:/Users/hp/Desktop/billme-backend/billme-backend/src/main/java/com/billme/exception/auth/AuthController.java:[13,8] duplicate class: com.billme.auth.AuthController
[ERROR] /C:/Users/hp/Desktop/billme-backend/billme-backend/src/main/java/com/billme/exception/auth/AuthResponse.java:[8,8] duplicate class: com.billme.auth.AuthResponse
[ERROR] /C:/Users/hp/Desktop/billme-backend/billme-backend/src/main/java/com/billme/exception/auth/AuthService.java:[28,8] duplicate class: com.billme.auth.AuthService
[ERROR] /C:/Users/hp/Desktop/billme-backend/billme-backend/src/main/java/com/billme/exception/auth/CustomerRegisterRequest.java:[6,8] duplicate class: com.billme.auth.CustomerRegisterRequest
[ERROR] /C:/Users/hp/Desktop/billme-backend/billme-backend/src/main/java/com/billme/exception/auth/LoginRequest.java:[6,8] duplicate class: com.billme.auth.LoginRequest
[ERROR] /C:/Users/hp/Desktop/billme-backend/billme-backend/src/main/java/com/billme/exception/auth/MerchantRegisterRequest.java:[6,8] duplicate class: com.billme.auth.MerchantRegisterRequest
[ERROR] /C:/Users/hp/Desktop/billme-backend/billme-backend/src/main/java/com/billme/exception/auth/RefreshRequest.java:[6,8] duplicate class: com.billme.auth.RefreshRequest
[ERROR] /C:/Users/hp/Desktop/billme-backend/billme-backend/src/main/java/com/billme/exception/auth/RegisterRequest.java:[6,8] duplicate class: com.billme.auth.RegisterRequest
[ERROR] /C:/Users/hp/Desktop/billme-backend/billme-backend/src/main/java/com/billme/exception/auth/token/RefreshToken.java:[15,8] duplicate class: com.billme.auth.token.RefreshToken
[ERROR] /C:/Users/hp/Desktop/billme-backend/billme-backend/src/main/java/com/billme/exception/auth/token/RefreshTokenService.java:[13,8] duplicate class: com.billme.auth.token.RefreshTokenService
[ERROR] /C:/Users/hp/Desktop/billme-backend/billme-backend/src/main/java/com/billme/exception/config/AdminBootstrap.java:[13,8] duplicate class: com.billme.config.AdminBootstrap
[ERROR] /C:/Users/hp/Desktop/billme-backend/billme-backend/src/main/java/com/billme/exception/customer/CustomerController.java:[12,8] duplicate class: com.billme.customer.CustomerController
[ERROR] /C:/Users/hp/Desktop/billme-backend/billme-backend/src/main/java/com/billme/exception/customer/CustomerProfile.java:[16,8] duplicate class: com.billme.customer.CustomerProfile
[ERROR] /C:/Users/hp/Desktop/billme-backend/billme-backend/src/main/java/com/billme/exception/customer/CustomerService.java:[10,8] duplicate class: com.billme.customer.CustomerService
[ERROR] /C:/Users/hp/Desktop/billme-backend/billme-backend/src/main/java/com/billme/exception/customer/dto/CustomerLookupResponse.java:[8,8] duplicate class: com.billme.customer.dto.CustomerLookupResponse
[ERROR] /C:/Users/hp/Desktop/billme-backend/billme-backend/src/main/java/com/billme/exception/email/EmailController.java:[9,8] duplicate class: com.billme.email.EmailController
[ERROR] /C:/Users/hp/Desktop/billme-backend/billme-backend/src/main/java/com/billme/exception/email/EmailService.java:[3,8] duplicate class: com.billme.email.EmailService
[ERROR] /C:/Users/hp/Desktop/billme-backend/billme-backend/src/main/java/com/billme/exception/email/InvoiceEmailService.java:[16,8] duplicate class: com.billme.email.InvoiceEmailService
[ERROR] /C:/Users/hp/Desktop/billme-backend/billme-backend/src/main/java/com/billme/exception/email/PaymentSuccessEmailService.java:[13,8] duplicate class: com.billme.email.PaymentSuccessEmailService
[ERROR] /C:/Users/hp/Desktop/billme-backend/billme-backend/src/main/java/com/billme/exception/email/SmtpEmailService.java:[10,8] duplicate class: com.billme.email.SmtpEmailService
[ERROR] /C:/Users/hp/Desktop/billme-backend/billme-backend/src/main/java/com/billme/admin/AdminService.java:[38,16] constructor AdminFinancialSummaryResponse in class com.billme.admin.dto.AdminFinancialSummaryResponse cannot be applied to given types;
[ERROR]   required: no arguments
[ERROR]   found:    java.math.BigDecimal,java.math.BigDecimal,java.math.BigDecimal,java.math.BigDecimal,java.math.BigDecimal
[ERROR]   reason: actual and formal argument lists differ in length
[ERROR] /C:/Users/hp/Desktop/billme-backend/billme-backend/src/main/java/com/billme/auth/AuthController.java:[49,65] cannot find symbol
[ERROR]   symbol:   method getRefreshToken()
[ERROR]   location: variable request of type com.billme.auth.RefreshRequest
[ERROR] /C:/Users/hp/Desktop/billme-backend/billme-backend/src/main/java/com/billme/auth/AuthController.java:[53,37] cannot find symbol
[ERROR]   symbol:   method getUser()
[ERROR]   location: variable refreshToken of type com.billme.auth.token.RefreshToken
[ERROR] /C:/Users/hp/Desktop/billme-backend/billme-backend/src/main/java/com/billme/auth/AuthController.java:[54,37] cannot find symbol
[ERROR]   symbol:   method getUser()
[ERROR]   location: variable refreshToken of type com.billme.auth.token.RefreshToken
[ERROR] /C:/Users/hp/Desktop/billme-backend/billme-backend/src/main/java/com/billme/auth/AuthController.java:[58,57] cannot find symbol
[ERROR]   symbol:   method getRefreshToken()
[ERROR]   location: variable request of type com.billme.auth.RefreshRequest
[ERROR] /C:/Users/hp/Desktop/billme-backend/billme-backend/src/main/java/com/billme/auth/AuthController.java:[68,48] cannot find symbol
[ERROR]   symbol:   method getRefreshToken()
[ERROR]   location: variable request of type com.billme.auth.RefreshRequest
[ERROR] /C:/Users/hp/Desktop/billme-backend/billme-backend/src/main/java/com/billme/auth/AuthService.java:[43,47] cannot find symbol
[ERROR]   symbol:   method getEmail()
[ERROR]   location: variable request of type com.billme.auth.CustomerRegisterRequest
[ERROR] /C:/Users/hp/Desktop/billme-backend/billme-backend/src/main/java/com/billme/auth/AuthService.java:[50,20] cannot find symbol
[ERROR]   symbol:   method getFaceEmbeddings()
[ERROR]   location: variable request of type com.billme.auth.CustomerRegisterRequest
[ERROR] /C:/Users/hp/Desktop/billme-backend/billme-backend/src/main/java/com/billme/auth/AuthService.java:[50,59] cannot find symbol
[ERROR]   symbol:   method getFaceEmbeddings()
[ERROR]   location: variable request of type com.billme.auth.CustomerRegisterRequest
[ERROR] /C:/Users/hp/Desktop/billme-backend/billme-backend/src/main/java/com/billme/auth/AuthService.java:[57,25] cannot find symbol
[ERROR]   symbol:   method builder()
[ERROR]   location: class com.billme.user.User
[ERROR] /C:/Users/hp/Desktop/billme-backend/billme-backend/src/main/java/com/billme/auth/AuthService.java:[58,31] cannot find symbol
[ERROR]   symbol:   method getEmail()
[ERROR]   location: variable request of type com.billme.auth.CustomerRegisterRequest
[ERROR] /C:/Users/hp/Desktop/billme-backend/billme-backend/src/main/java/com/billme/auth/AuthService.java:[59,57] cannot find symbol
[ERROR]   symbol:   method getPassword()
[ERROR]   location: variable request of type com.billme.auth.CustomerRegisterRequest
[ERROR] /C:/Users/hp/Desktop/billme-backend/billme-backend/src/main/java/com/billme/auth/AuthService.java:[66,50] cannot find symbol
[ERROR]   symbol:   method builder()
[ERROR]   location: class com.billme.customer.CustomerProfile
[ERROR] /C:/Users/hp/Desktop/billme-backend/billme-backend/src/main/java/com/billme/auth/AuthService.java:[68,30] cannot find symbol
[ERROR]   symbol:   method getName()
[ERROR]   location: variable request of type com.billme.auth.CustomerRegisterRequest
[ERROR] /C:/Users/hp/Desktop/billme-backend/billme-backend/src/main/java/com/billme/auth/AuthService.java:[69,40] cannot find symbol
[ERROR]   symbol:   method getFaceEmbeddings()
[ERROR]   location: variable request of type com.billme.auth.CustomerRegisterRequest
[ERROR] /C:/Users/hp/Desktop/billme-backend/billme-backend/src/main/java/com/billme/auth/AuthService.java:[74,31] cannot find symbol
[ERROR]   symbol:   method builder()
[ERROR]   location: class com.billme.wallet.Wallet
[ERROR] /C:/Users/hp/Desktop/billme-backend/billme-backend/src/main/java/com/billme/auth/AuthService.java:[82,21] cannot find symbol
[ERROR]   symbol:   method getEmail()
[ERROR]   location: variable user of type com.billme.user.User
[ERROR] /C:/Users/hp/Desktop/billme-backend/billme-backend/src/main/java/com/billme/auth/AuthService.java:[83,21] cannot find symbol
[ERROR]   symbol:   method getRole()
[ERROR]   location: variable user of type com.billme.user.User
[ERROR] /C:/Users/hp/Desktop/billme-backend/billme-backend/src/main/java/com/billme/auth/AuthService.java:[88,58] cannot find symbol
[ERROR]   symbol:   method getToken()
[ERROR]   location: variable refreshToken of type com.billme.auth.token.RefreshToken
[ERROR] /C:/Users/hp/Desktop/billme-backend/billme-backend/src/main/java/com/billme/auth/AuthService.java:[96,47] cannot find symbol
[ERROR]   symbol:   method getEmail()
[ERROR]   location: variable request of type com.billme.auth.MerchantRegisterRequest
[ERROR] /C:/Users/hp/Desktop/billme-backend/billme-backend/src/main/java/com/billme/auth/AuthService.java:[103,25] cannot find symbol
[ERROR]   symbol:   method builder()
[ERROR]   location: class com.billme.user.User
[ERROR] /C:/Users/hp/Desktop/billme-backend/billme-backend/src/main/java/com/billme/auth/AuthService.java:[104,31] cannot find symbol
[ERROR]   symbol:   method getEmail()
[ERROR]   location: variable request of type com.billme.auth.MerchantRegisterRequest
[ERROR] /C:/Users/hp/Desktop/billme-backend/billme-backend/src/main/java/com/billme/auth/AuthService.java:[105,57] cannot find symbol
[ERROR]   symbol:   method getPassword()
[ERROR]   location: variable request of type com.billme.auth.MerchantRegisterRequest
[ERROR] /C:/Users/hp/Desktop/billme-backend/billme-backend/src/main/java/com/billme/auth/AuthService.java:[113,52] cannot find symbol
[ERROR]   symbol:   method builder()
[ERROR]   location: class com.billme.merchant.MerchantProfile
[ERROR] /C:/Users/hp/Desktop/billme-backend/billme-backend/src/main/java/com/billme/auth/AuthService.java:[115,46] cannot find symbol
[ERROR]   symbol:   method getBusinessName()
[ERROR]   location: variable request of type com.billme.auth.MerchantRegisterRequest
[ERROR] /C:/Users/hp/Desktop/billme-backend/billme-backend/src/main/java/com/billme/auth/AuthService.java:[116,43] cannot find symbol
[ERROR]   symbol:   method getOwnerName()
[ERROR]   location: variable request of type com.billme.auth.MerchantRegisterRequest
[ERROR] /C:/Users/hp/Desktop/billme-backend/billme-backend/src/main/java/com/billme/auth/AuthService.java:[117,39] cannot find symbol
[ERROR]   symbol:   method getPhone()
[ERROR]   location: variable request of type com.billme.auth.MerchantRegisterRequest
[ERROR] /C:/Users/hp/Desktop/billme-backend/billme-backend/src/main/java/com/billme/auth/AuthService.java:[118,41] cannot find symbol
[ERROR]   symbol:   method getAddress()
[ERROR]   location: variable request of type com.billme.auth.MerchantRegisterRequest
[ERROR] /C:/Users/hp/Desktop/billme-backend/billme-backend/src/main/java/com/billme/auth/AuthService.java:[119,39] cannot find symbol
[ERROR]   symbol:   method getUpiId()
[ERROR]   location: variable request of type com.billme.auth.MerchantRegisterRequest
[ERROR] /C:/Users/hp/Desktop/billme-backend/billme-backend/src/main/java/com/billme/auth/AuthService.java:[125,23] cannot find symbol
[ERROR]   symbol:   method builder()
[ERROR]   location: class com.billme.wallet.Wallet
[ERROR] /C:/Users/hp/Desktop/billme-backend/billme-backend/src/main/java/com/billme/auth/AuthService.java:[132,21] cannot find symbol
[ERROR]   symbol:   method getEmail()
[ERROR]   location: variable user of type com.billme.user.User
[ERROR] /C:/Users/hp/Desktop/billme-backend/billme-backend/src/main/java/com/billme/auth/AuthService.java:[133,21] cannot find symbol
[ERROR]   symbol:   method getRole()
[ERROR]   location: variable user of type com.billme.user.User
[ERROR] /C:/Users/hp/Desktop/billme-backend/billme-backend/src/main/java/com/billme/auth/AuthService.java:[138,58] cannot find symbol
[ERROR]   symbol:   method getToken()
[ERROR]   location: variable refreshToken of type com.billme.auth.token.RefreshToken
[ERROR] /C:/Users/hp/Desktop/billme-backend/billme-backend/src/main/java/com/billme/auth/AuthService.java:[147,55] cannot find symbol
[ERROR]   symbol:   method getEmail()
[ERROR]   location: variable request of type com.billme.auth.LoginRequest
[ERROR] /C:/Users/hp/Desktop/billme-backend/billme-backend/src/main/java/com/billme/auth/AuthService.java:[154,17] cannot find symbol
[ERROR]   symbol:   method getRole()
[ERROR]   location: variable user of type com.billme.user.User
[ERROR] /C:/Users/hp/Desktop/billme-backend/billme-backend/src/main/java/com/billme/auth/AuthService.java:[157,21] cannot find symbol
[ERROR]   symbol:   method getLockUntil()
[ERROR]   location: variable user of type com.billme.user.User
[ERROR] /C:/Users/hp/Desktop/billme-backend/billme-backend/src/main/java/com/billme/auth/AuthService.java:[158,25] cannot find symbol
[ERROR]   symbol:   method getLockUntil()
[ERROR]   location: variable user of type com.billme.user.User
[ERROR] /C:/Users/hp/Desktop/billme-backend/billme-backend/src/main/java/com/billme/auth/AuthService.java:[170,36] cannot find symbol
[ERROR]   symbol:   method getEmail()
[ERROR]   location: variable request of type com.billme.auth.LoginRequest
[ERROR] /C:/Users/hp/Desktop/billme-backend/billme-backend/src/main/java/com/billme/auth/AuthService.java:[171,36] cannot find symbol
[ERROR]   symbol:   method getPassword()
[ERROR]   location: variable request of type com.billme.auth.LoginRequest
[ERROR] /C:/Users/hp/Desktop/billme-backend/billme-backend/src/main/java/com/billme/auth/AuthService.java:[176,17] cannot find symbol
[ERROR]   symbol:   method setFailedAttempts(int)
[ERROR]   location: variable user of type com.billme.user.User
[ERROR] /C:/Users/hp/Desktop/billme-backend/billme-backend/src/main/java/com/billme/auth/AuthService.java:[177,17] cannot find symbol
[ERROR]   symbol:   method setLockUntil(<nulltype>)
[ERROR]   location: variable user of type com.billme.user.User
[ERROR] /C:/Users/hp/Desktop/billme-backend/billme-backend/src/main/java/com/billme/auth/AuthService.java:[182,21] cannot find symbol
[ERROR]   symbol:   method getRole()
[ERROR]   location: variable user of type com.billme.user.User
[ERROR] /C:/Users/hp/Desktop/billme-backend/billme-backend/src/main/java/com/billme/auth/AuthService.java:[184,36] cannot find symbol
[ERROR]   symbol:   method getFailedAttempts()
[ERROR]   location: variable user of type com.billme.user.User
[ERROR] /C:/Users/hp/Desktop/billme-backend/billme-backend/src/main/java/com/billme/auth/AuthService.java:[185,21] cannot find symbol
[ERROR]   symbol:   method setFailedAttempts(int)
[ERROR]   location: variable user of type com.billme.user.User
[ERROR] /C:/Users/hp/Desktop/billme-backend/billme-backend/src/main/java/com/billme/auth/AuthService.java:[188,25] cannot find symbol
[ERROR]   symbol:   method setLockUntil(java.time.LocalDateTime)
[ERROR]   location: variable user of type com.billme.user.User
[ERROR] /C:/Users/hp/Desktop/billme-backend/billme-backend/src/main/java/com/billme/auth/AuthService.java:[201,21] cannot find symbol
[ERROR]   symbol:   method getEmail()
[ERROR]   location: variable user of type com.billme.user.User
[ERROR] /C:/Users/hp/Desktop/billme-backend/billme-backend/src/main/java/com/billme/auth/AuthService.java:[202,21] cannot find symbol
[ERROR]   symbol:   method getRole()
[ERROR]   location: variable user of type com.billme.user.User
[ERROR] /C:/Users/hp/Desktop/billme-backend/billme-backend/src/main/java/com/billme/auth/AuthService.java:[208,58] cannot find symbol
[ERROR]   symbol:   method getToken()
[ERROR]   location: variable refreshToken of type com.billme.auth.token.RefreshToken
[ERROR] /C:/Users/hp/Desktop/billme-backend/billme-backend/src/main/java/com/billme/auth/token/RefreshTokenService.java:[19,49] cannot find symbol
[ERROR]   symbol:   method builder()
[ERROR]   location: class com.billme.auth.token.RefreshToken
[ERROR] /C:/Users/hp/Desktop/billme-backend/billme-backend/src/main/java/com/billme/auth/token/RefreshTokenService.java:[34,25] cannot find symbol
[ERROR]   symbol:   method isRevoked()
[ERROR]   location: variable refreshToken of type com.billme.auth.token.RefreshToken
[ERROR] /C:/Users/hp/Desktop/billme-backend/billme-backend/src/main/java/com/billme/auth/token/RefreshTokenService.java:[38,25] cannot find symbol
[ERROR]   symbol:   method getExpiryDate()
[ERROR]   location: variable refreshToken of type com.billme.auth.token.RefreshToken
[ERROR] /C:/Users/hp/Desktop/billme-backend/billme-backend/src/main/java/com/billme/auth/token/RefreshTokenService.java:[49,21] cannot find symbol
[ERROR]   symbol:   method setRevoked(boolean)
[ERROR]   location: variable refreshToken of type com.billme.auth.token.RefreshToken
[ERROR] /C:/Users/hp/Desktop/billme-backend/billme-backend/src/main/java/com/billme/config/AdminBootstrap.java:[41,26] cannot find symbol
[ERROR]   symbol:   method builder()
[ERROR]   location: class com.billme.user.User
[ERROR] /C:/Users/hp/Desktop/billme-backend/billme-backend/src/main/java/com/billme/customer/CustomerController.java:[35,38] cannot find symbol
[ERROR]   symbol:   method builder()
[ERROR]   location: class com.billme.customer.dto.CustomerLookupResponse
[ERROR] /C:/Users/hp/Desktop/billme-backend/billme-backend/src/main/java/com/billme/customer/CustomerController.java:[36,28] cannot find symbol
[ERROR]   symbol:   method getId()
[ERROR]   location: variable profile of type com.billme.customer.CustomerProfile
[ERROR] /C:/Users/hp/Desktop/billme-backend/billme-backend/src/main/java/com/billme/customer/CustomerController.java:[37,30] cannot find symbol
[ERROR]   symbol:   method getName()
[ERROR]   location: variable profile of type com.billme.customer.CustomerProfile
[ERROR] /C:/Users/hp/Desktop/billme-backend/billme-backend/src/main/java/com/billme/customer/CustomerController.java:[38,31] cannot find symbol
[ERROR]   symbol:   method getUser()
[ERROR]   location: variable profile of type com.billme.customer.CustomerProfile
[ERROR] /C:/Users/hp/Desktop/billme-backend/billme-backend/src/main/java/com/billme/customer/CustomerService.java:[20,38] cannot find symbol
[ERROR]   symbol:   method builder()
[ERROR]   location: class com.billme.customer.dto.CustomerLookupResponse
[ERROR] /C:/Users/hp/Desktop/billme-backend/billme-backend/src/main/java/com/billme/customer/CustomerService.java:[21,28] cannot find symbol
[ERROR]   symbol:   method getId()
[ERROR]   location: variable profile of type com.billme.customer.CustomerProfile
[ERROR] /C:/Users/hp/Desktop/billme-backend/billme-backend/src/main/java/com/billme/customer/CustomerService.java:[22,30] cannot find symbol
[ERROR]   symbol:   method getName()
[ERROR]   location: variable profile of type com.billme.customer.CustomerProfile
[ERROR] /C:/Users/hp/Desktop/billme-backend/billme-backend/src/main/java/com/billme/customer/CustomerService.java:[23,31] cannot find symbol
[ERROR]   symbol:   method getUser()
[ERROR]   location: variable profile of type com.billme.customer.CustomerProfile
[ERROR] /C:/Users/hp/Desktop/billme-backend/billme-backend/src/main/java/com/billme/email/InvoiceEmailService.java:[40,33] cannot find symbol
[ERROR]   symbol:   method getCustomer()
[ERROR]   location: variable invoice of type com.billme.invoice.Invoice
[ERROR] /C:/Users/hp/Desktop/billme-backend/billme-backend/src/main/java/com/billme/email/InvoiceEmailService.java:[42,51] cannot find symbol
[ERROR]   symbol:   method getInvoiceNumber()
[ERROR]   location: variable invoice of type com.billme.invoice.Invoice
[ERROR] /C:/Users/hp/Desktop/billme-backend/billme-backend/src/main/java/com/billme/email/InvoiceEmailService.java:[47,30] cannot find symbol
[ERROR]   symbol:   method getInvoiceNumber()
[ERROR]   location: variable invoice of type com.billme.invoice.Invoice
[ERROR] /C:/Users/hp/Desktop/billme-backend/billme-backend/src/main/java/com/billme/email/InvoiceEmailService.java:[67,28] cannot find symbol
[ERROR]   symbol:   method getMerchant()
[ERROR]   location: variable invoice of type com.billme.invoice.Invoice
[ERROR] /C:/Users/hp/Desktop/billme-backend/billme-backend/src/main/java/com/billme/email/InvoiceEmailService.java:[68,28] cannot find symbol
[ERROR]   symbol:   method getTotalPayable()
[ERROR]   location: variable invoice of type com.billme.invoice.Invoice
[ERROR] /C:/Users/hp/Desktop/billme-backend/billme-backend/src/main/java/com/billme/email/InvoiceEmailService.java:[73,41] cannot find symbol
[ERROR]   symbol:   method getInvoiceNumber()
[ERROR]   location: variable invoice of type com.billme.invoice.Invoice
[ERROR] /C:/Users/hp/Desktop/billme-backend/billme-backend/src/main/java/com/billme/invoice/InvoiceTemplateService.java:[25,53] cannot find symbol
[ERROR]   symbol:   method getInvoiceNumber()
[ERROR]   location: variable invoice of type com.billme.invoice.Invoice
[ERROR] /C:/Users/hp/Desktop/billme-backend/billme-backend/src/main/java/com/billme/invoice/InvoiceTemplateService.java:[29,24] cannot find symbol
[ERROR]   symbol:   method getIssuedAt()
[ERROR]   location: variable invoice of type com.billme.invoice.Invoice
[ERROR] /C:/Users/hp/Desktop/billme-backend/billme-backend/src/main/java/com/billme/invoice/InvoiceTemplateService.java:[30,34] cannot find symbol
[ERROR]   symbol:   method getIssuedAt()
[ERROR]   location: variable invoice of type com.billme.invoice.Invoice
[ERROR] /C:/Users/hp/Desktop/billme-backend/billme-backend/src/main/java/com/billme/invoice/InvoiceTemplateService.java:[36,24] cannot find symbol
[ERROR]   symbol:   method getStatus()
[ERROR]   location: variable invoice of type com.billme.invoice.Invoice
[ERROR] /C:/Users/hp/Desktop/billme-backend/billme-backend/src/main/java/com/billme/invoice/InvoiceTemplateService.java:[37,34] cannot find symbol
[ERROR]   symbol:   method getStatus()
[ERROR]   location: variable invoice of type com.billme.invoice.Invoice
[ERROR] /C:/Users/hp/Desktop/billme-backend/billme-backend/src/main/java/com/billme/invoice/InvoiceTemplateService.java:[43,24] cannot find symbol
[ERROR]   symbol:   method getMerchant()
[ERROR]   location: variable invoice of type com.billme.invoice.Invoice
[ERROR] /C:/Users/hp/Desktop/billme-backend/billme-backend/src/main/java/com/billme/invoice/InvoiceTemplateService.java:[48,24] cannot find symbol
[ERROR]   symbol:   method getMerchant()
[ERROR]   location: variable invoice of type com.billme.invoice.Invoice
[ERROR] /C:/Users/hp/Desktop/billme-backend/billme-backend/src/main/java/com/billme/invoice/InvoiceTemplateService.java:[49,34] cannot find symbol
[ERROR]   symbol:   method getMerchant()
[ERROR]   location: variable invoice of type com.billme.invoice.Invoice
[ERROR] /C:/Users/hp/Desktop/billme-backend/billme-backend/src/main/java/com/billme/invoice/InvoiceTemplateService.java:[55,24] cannot find symbol
[ERROR]   symbol:   method getMerchant()
[ERROR]   location: variable invoice of type com.billme.invoice.Invoice
[ERROR] /C:/Users/hp/Desktop/billme-backend/billme-backend/src/main/java/com/billme/invoice/InvoiceTemplateService.java:[60,24] cannot find symbol
[ERROR]   symbol:   method getCustomer()
[ERROR]   location: variable invoice of type com.billme.invoice.Invoice
[ERROR] -> [Help 1]
[ERROR] 
[ERROR] To see the full stack trace of the errors, re-run Maven with the -e switch.
[ERROR] Re-run Maven using the -X switch to enable full debug logging.
[ERROR] 
[ERROR] For more information about the errors and possible solutions, please read the following articles:
[ERROR] [Help 1] http://cwiki.apache.org/confluence/display/MAVEN/MojoFailureException
