[INFO] Scanning for projects...
[WARNING] 
[WARNING] Some problems were encountered while building the effective model for com.billme:billme-backend:jar:0.0.1-SNAPSHOT
[WARNING] 'dependencies.dependency.(groupId:artifactId:type:classifier)' must be unique: org.springframework.boot:spring-boot-starter-mail:jar -> duplicate declaration of version (?) @ line 97, column 15
[WARNING] 
[WARNING] It is highly recommended to fix these problems because they threaten the stability of your build.
[WARNING] 
[WARNING] For this reason, future Maven versions might no longer support building such malformed projects.
[WARNING] 
[INFO] 
[INFO] ---------------------< com.billme:billme-backend >----------------------
[INFO] Building billme-backend 0.0.1-SNAPSHOT
[INFO]   from pom.xml
[INFO] --------------------------------[ jar ]---------------------------------
[INFO] 
[INFO] --- resources:3.3.1:resources (default-resources) @ billme-backend ---
[INFO] Copying 3 resources from src\main\resources to target\classes
[INFO] Copying 2 resources from src\main\resources to target\classes
[INFO] 
[INFO] --- compiler:3.14.1:compile (default-compile) @ billme-backend ---
[INFO] Nothing to compile - all classes are up to date.
[INFO] 
[INFO] --- resources:3.3.1:testResources (default-testResources) @ billme-backend ---
[INFO] skip non existing resourceDirectory C:\Users\hp\Desktop\billme-backend\billme-backend\src\test\resources
[INFO] 
[INFO] --- compiler:3.14.1:testCompile (default-testCompile) @ billme-backend ---
[INFO] Recompiling the module because of changed source code.
[INFO] Compiling 5 source files with javac [debug parameters release 17] to target\test-classes
[INFO] Some messages have been simplified; recompile with -Xdiags:verbose to get full output
[INFO] -------------------------------------------------------------
[ERROR] COMPILATION ERROR : 
[INFO] -------------------------------------------------------------
[ERROR] /C:/Users/hp/Desktop/billme-backend/billme-backend/src/test/java/com/billme/invoice/InvoiceServiceTest.java:[102,29] incompatible types: java.math.BigDecimal cannot be converted to java.lang.Integer
[ERROR] /C:/Users/hp/Desktop/billme-backend/billme-backend/src/test/java/com/billme/invoice/InvoiceServiceTest.java:[109,29] incompatible types: java.math.BigDecimal cannot be converted to java.lang.Integer
[ERROR] /C:/Users/hp/Desktop/billme-backend/billme-backend/src/test/java/com/billme/invoice/InvoiceServiceTest.java:[116,16] cannot find symbol
  symbol:   method setCustomerId(long)
  location: variable request of type com.billme.invoice.CreateInvoiceRequest
[ERROR] /C:/Users/hp/Desktop/billme-backend/billme-backend/src/test/java/com/billme/invoice/InvoiceServiceTest.java:[171,28] incompatible types: java.math.BigDecimal cannot be converted to java.lang.Integer
[ERROR] /C:/Users/hp/Desktop/billme-backend/billme-backend/src/test/java/com/billme/invoice/InvoiceServiceTest.java:[177,16] cannot find symbol
  symbol:   method setCustomerId(long)
  location: variable request of type com.billme.invoice.CreateInvoiceRequest
[ERROR] /C:/Users/hp/Desktop/billme-backend/billme-backend/src/test/java/com/billme/invoice/InvoiceServiceTest.java:[222,29] incompatible types: java.math.BigDecimal cannot be converted to java.lang.Integer
[ERROR] /C:/Users/hp/Desktop/billme-backend/billme-backend/src/test/java/com/billme/invoice/InvoiceServiceTest.java:[228,16] cannot find symbol
  symbol:   method setCustomerId(long)
  location: variable request of type com.billme.invoice.CreateInvoiceRequest
[INFO] 7 errors 
[INFO] -------------------------------------------------------------
[INFO] ------------------------------------------------------------------------
[INFO] BUILD FAILURE
[INFO] ------------------------------------------------------------------------
[INFO] Total time:  3.336 s
[INFO] Finished at: 2026-03-11T10:32:06+05:30
[INFO] ------------------------------------------------------------------------
[ERROR] Failed to execute goal org.apache.maven.plugins:maven-compiler-plugin:3.14.1:testCompile (default-testCompile) on project billme-backend: Compilation failure: Compilation failure: 
[ERROR] /C:/Users/hp/Desktop/billme-backend/billme-backend/src/test/java/com/billme/invoice/InvoiceServiceTest.java:[102,29] incompatible types: java.math.BigDecimal cannot be converted to java.lang.Integer
[ERROR] /C:/Users/hp/Desktop/billme-backend/billme-backend/src/test/java/com/billme/invoice/InvoiceServiceTest.java:[109,29] incompatible types: java.math.BigDecimal cannot be converted to java.lang.Integer
[ERROR] /C:/Users/hp/Desktop/billme-backend/billme-backend/src/test/java/com/billme/invoice/InvoiceServiceTest.java:[116,16] cannot find symbol
[ERROR]   symbol:   method setCustomerId(long)
[ERROR]   location: variable request of type com.billme.invoice.CreateInvoiceRequest
[ERROR] /C:/Users/hp/Desktop/billme-backend/billme-backend/src/test/java/com/billme/invoice/InvoiceServiceTest.java:[171,28] incompatible types: java.math.BigDecimal cannot be converted to java.lang.Integer
[ERROR] /C:/Users/hp/Desktop/billme-backend/billme-backend/src/test/java/com/billme/invoice/InvoiceServiceTest.java:[177,16] cannot find symbol
[ERROR]   symbol:   method setCustomerId(long)
[ERROR]   location: variable request of type com.billme.invoice.CreateInvoiceRequest
[ERROR] /C:/Users/hp/Desktop/billme-backend/billme-backend/src/test/java/com/billme/invoice/InvoiceServiceTest.java:[222,29] incompatible types: java.math.BigDecimal cannot be converted to java.lang.Integer
[ERROR] /C:/Users/hp/Desktop/billme-backend/billme-backend/src/test/java/com/billme/invoice/InvoiceServiceTest.java:[228,16] cannot find symbol
[ERROR]   symbol:   method setCustomerId(long)
[ERROR]   location: variable request of type com.billme.invoice.CreateInvoiceRequest
[ERROR] -> [Help 1]
[ERROR] 
[ERROR] To see the full stack trace of the errors, re-run Maven with the -e switch.
[ERROR] Re-run Maven using the -X switch to enable full debug logging.
[ERROR] 
[ERROR] For more information about the errors and possible solutions, please read the following articles:
[ERROR] [Help 1] http://cwiki.apache.org/confluence/display/MAVEN/MojoFailureException
