[INFO] Scanning for projects...
[WARNING] 
[WARNING] Some problems were encountered while building the effective model for com.billme:billme-backend:jar:0.0.1-SNAPSHOT
[WARNING] 'dependencies.dependency.(groupId:artifactId:type:classifier)' must be unique: org.springframework.boot:spring-boot-starter-mail:jar -> duplicate declaration of version (?) @ line 97, column 15
[WARNING] 
[WARNING] It is highly recommended to fix these problems because they threaten the stability of your build.
[WARNING] 
[WARNING] For this reason, future Maven versions might no longer support building such malformed projects.
[WARNING] 
[INFO] 
[INFO] ---------------------< com.billme:billme-backend >----------------------
[INFO] Building billme-backend 0.0.1-SNAPSHOT
[INFO]   from pom.xml
[INFO] --------------------------------[ jar ]---------------------------------
[INFO] 
[INFO] --- resources:3.3.1:resources (default-resources) @ billme-backend ---
[INFO] Copying 3 resources from src\main\resources to target\classes
[INFO] Copying 2 resources from src\main\resources to target\classes
[INFO] 
[INFO] --- compiler:3.14.1:compile (default-compile) @ billme-backend ---
[INFO] Nothing to compile - all classes are up to date.
[INFO] 
[INFO] --- resources:3.3.1:testResources (default-testResources) @ billme-backend ---
[INFO] skip non existing resourceDirectory C:\Users\hp\Desktop\billme-backend\billme-backend\src\test\resources
[INFO] 
[INFO] --- compiler:3.14.1:testCompile (default-testCompile) @ billme-backend ---
[INFO] Nothing to compile - all classes are up to date.
[INFO] 
[INFO] --- surefire:3.5.4:test (default-test) @ billme-backend ---
[INFO] Using auto detected provider org.apache.maven.surefire.junitplatform.JUnitPlatformProvider
[INFO] 
[INFO] -------------------------------------------------------
[INFO]  T E S T S
[INFO] -------------------------------------------------------
[INFO] Running com.billme.invoice.InvoiceTemplateServiceTest
[ERROR] Tests run: 1, Failures: 0, Errors: 1, Skipped: 0, Time elapsed: 0.310 s <<< FAILURE! -- in com.billme.invoice.InvoiceTemplateServiceTest
[ERROR] com.billme.invoice.InvoiceTemplateServiceTest.testGenerateInvoiceHtml_GstGrouping -- Time elapsed: 0.279 s <<< ERROR!
java.lang.NoClassDefFoundError: ognl/PropertyAccessor
	at org.thymeleaf.standard.StandardDialect.getVariableExpressionEvaluator(StandardDialect.java:178)
	at org.thymeleaf.standard.StandardDialect.getExecutionAttributes(StandardDialect.java:392)
	at org.thymeleaf.DialectSetConfiguration.build(DialectSetConfiguration.java:263)
	at org.thymeleaf.EngineConfiguration.<init>(EngineConfiguration.java:123)
	at org.thymeleaf.TemplateEngine.initialize(TemplateEngine.java:341)
	at org.thymeleaf.TemplateEngine.process(TemplateEngine.java:1084)
	at org.thymeleaf.TemplateEngine.process(TemplateEngine.java:1064)
	at org.thymeleaf.TemplateEngine.process(TemplateEngine.java:1053)
	at com.billme.invoice.InvoiceTemplateService.generateInvoiceHtml(InvoiceTemplateService.java:140)
	at com.billme.invoice.InvoiceTemplateServiceTest.testGenerateInvoiceHtml_GstGrouping(InvoiceTemplateServiceTest.java:91)
	at java.base/java.lang.reflect.Method.invoke(Method.java:569)
	at java.base/java.util.ArrayList.forEach(ArrayList.java:1511)
	at java.base/java.util.ArrayList.forEach(ArrayList.java:1511)
Caused by: java.lang.ClassNotFoundException: ognl.PropertyAccessor
	at java.base/jdk.internal.loader.BuiltinClassLoader.loadClass(BuiltinClassLoader.java:641)
	at java.base/jdk.internal.loader.ClassLoaders$AppClassLoader.loadClass(ClassLoaders.java:188)
	at java.base/java.lang.ClassLoader.loadClass(ClassLoader.java:525)
	... 13 more

[INFO] 
[INFO] Results:
[INFO] 
[ERROR] Errors: 
[ERROR]   InvoiceTemplateServiceTest.testGenerateInvoiceHtml_GstGrouping:91 ╗ NoClassDefFound ognl/PropertyAccessor
[INFO] 
[ERROR] Tests run: 1, Failures: 0, Errors: 1, Skipped: 0
[INFO] 
[INFO] ------------------------------------------------------------------------
[INFO] BUILD FAILURE
[INFO] ------------------------------------------------------------------------
[INFO] Total time:  7.338 s
[INFO] Finished at: 2026-03-09T12:41:40+05:30
[INFO] ------------------------------------------------------------------------
[ERROR] Failed to execute goal org.apache.maven.plugins:maven-surefire-plugin:3.5.4:test (default-test) on project billme-backend: 
[ERROR] 
[ERROR] See C:\Users\hp\Desktop\billme-backend\billme-backend\target\surefire-reports for the individual test results.
[ERROR] See dump files (if any exist) [date].dump, [date]-jvmRun[N].dump and [date].dumpstream.
[ERROR] -> [Help 1]
[ERROR] 
[ERROR] To see the full stack trace of the errors, re-run Maven with the -e switch.
[ERROR] Re-run Maven using the -X switch to enable full debug logging.
[ERROR] 
[ERROR] For more information about the errors and possible solutions, please read the following articles:
[ERROR] [Help 1] http://cwiki.apache.org/confluence/display/MAVEN/MojoFailureException
